// Jest Snapshot v1, https://goo.gl/fbAQLP

exports[`LangSwitcherComponent should not regret 1`] = `
.c0 {
  display: -webkit-box;
  display: -webkit-flex;
  display: -ms-flexbox;
  display: flex;
}

.c1 {
  display: -webkit-box;
  display: -webkit-flex;
  display: -ms-flexbox;
  display: flex;
  -webkit-box-pack: center;
  -webkit-justify-content: center;
  -ms-flex-pack: center;
  justify-content: center;
  min-width: 50px;
  margin-left: 5px;
  padding: 5px;
  border: 1px solid;
  background: none;
  cursor: pointer;
}

.c2 {
  display: -webkit-box;
  display: -webkit-flex;
  display: -ms-flexbox;
  display: flex;
  -webkit-box-pack: center;
  -webkit-justify-content: center;
  -ms-flex-pack: center;
  justify-content: center;
  min-width: 50px;
  margin-left: 5px;
  padding: 5px;
  border: 1px solid;
  background: none;
  cursor: pointer;
  background: undefined;
  color: undefined;
}

<LangSwitcherComponent>
  <styled.div>
    <div
      className="c0"
    >
      <styled.button
        isActive={false}
        onClick={[Function]}
      >
        <button
          className="c1"
          onClick={[Function]}
        >
          English
        </button>
      </styled.button>
      <styled.button
        isActive={true}
        onClick={[Function]}
      >
        <button
          className="c2"
          onClick={[Function]}
        >
          Русский
        </button>
      </styled.button>
    </div>
  </styled.div>
</LangSwitcherComponent>
`;
