// Jest Snapshot v1, https://goo.gl/fbAQLP

exports[`HomeComponent should not regret 1`] = `
.c0 {
  margin-top: 100px;
  display: -webkit-box;
  display: -webkit-flex;
  display: -ms-flexbox;
  display: flex;
}

.c1 {
  max-width: 500px;
  margin: auto;
  padding: 30px;
  background: #fff;
}

.c2 {
  font-size: 24px;
  font-weight: bold;
  text-align: center;
}

.c3 {
  margin-top: 15px;
}

.c4 {
  margin-top: 15px;
}

<Component
  store={
    Object {
      "git": Object {
        "error": "",
        "isInitialLoaded": true,
        "isLoading": false,
        "releases": Array [
          Object {
            "html_url": "https://github.com/nikitapavets/nkit/releases/tag/v1",
            "id": 1,
            "name": "Release v1",
            "tag_name": "v1",
          },
        ],
      },
    }
  }
>
  <Provider
    store={
      Object {
        "clearActions": [Function],
        "dispatch": [Function],
        "getActions": [Function],
        "getState": [Function],
        "replaceReducer": [Function],
        "subscribe": [Function],
      }
    }
  >
    <Component
      theme={
        Object {
          "brandColor": "#6B71D9",
          "errorColor": "#f00",
          "largeFontSize": "24px",
          "mediumFontSize": "18px",
          "mediumPadding": "30px",
          "shadowColor": "rgba(0, 0, 0, 0.5)",
          "smallFontSize": "14px",
          "smallPadding": "15px",
          "textColor": "#444",
          "textFontFamily": "\\"Roboto\\", sans-serif",
          "textFontSize": "14px",
          "whiteColor": "#fff",
        }
      }
    >
      <HelmetProvider
        context={
          Object {
            "helmet": <html>
              <head>
                <title
                  data-rh={true}
                >
                  
                </title>
              </head>
              <body />
            </html>,
          }
        }
      >
        <HomeComponent>
          <styled.section>
            <section
              className=""
            >
              <styled.div>
                <div
                  className="c0"
                >
                  <styled.div>
                    <div
                      className="c1"
                    >
                      <styled.div>
                        <div
                          className="c2"
                        >
                          general:appTitle
                        </div>
                      </styled.div>
                      <styled.div>
                        <div
                          className="c3"
                        >
                          <default
                            features={
                              Array [
                                Object {
                                  "value": "React - Main library",
                                },
                                Object {
                                  "value": "SSR - Server Side Rendering",
                                },
                                Object {
                                  "value": "Typescript - Type checking",
                                },
                                Object {
                                  "value": "Redux - Global store",
                                },
                                Object {
                                  "value": "Redux-Saga - Global store manager",
                                },
                                Object {
                                  "value": "i18n - Localisation",
                                },
                              ]
                            }
                          >
                            <MockComponent
                              features={
                                Array [
                                  Object {
                                    "value": "React - Main library",
                                  },
                                  Object {
                                    "value": "SSR - Server Side Rendering",
                                  },
                                  Object {
                                    "value": "Typescript - Type checking",
                                  },
                                  Object {
                                    "value": "Redux - Global store",
                                  },
                                  Object {
                                    "value": "Redux-Saga - Global store manager",
                                  },
                                  Object {
                                    "value": "i18n - Localisation",
                                  },
                                ]
                              }
                              originalComponent="Features"
                            />
                          </default>
                        </div>
                      </styled.div>
                      <LoaderComponent
                        error=""
                        isInitialLoaded={true}
                        isLoading={false}
                        render={[Function]}
                      >
                        <styled.div>
                          <div
                            className="c4"
                          >
                            <default
                              releases={
                                Array [
                                  Object {
                                    "html_url": "https://github.com/nikitapavets/nkit/releases/tag/v1",
                                    "id": 1,
                                    "name": "Release v1",
                                    "tag_name": "v1",
                                  },
                                ]
                              }
                            >
                              <MockComponent
                                originalComponent="Releases"
                                releases={
                                  Array [
                                    Object {
                                      "html_url": "https://github.com/nikitapavets/nkit/releases/tag/v1",
                                      "id": 1,
                                      "name": "Release v1",
                                      "tag_name": "v1",
                                    },
                                  ]
                                }
                              />
                            </default>
                          </div>
                        </styled.div>
                      </LoaderComponent>
                    </div>
                  </styled.div>
                </div>
              </styled.div>
            </section>
          </styled.section>
        </HomeComponent>
      </HelmetProvider>
    </Component>
  </Provider>
</Component>
`;
