// Jest Snapshot v1, https://goo.gl/fbAQLP

exports[`HeaderComponent should not regret 1`] = `
.c0 {
  display: -webkit-box;
  display: -webkit-flex;
  display: -ms-flexbox;
  display: flex;
  -webkit-box-pack: end;
  -webkit-justify-content: flex-end;
  -ms-flex-pack: end;
  justify-content: flex-end;
  padding: 15px;
}

<HeaderComponent>
  <styled.header>
    <header
      className="c0"
    >
      <default>
        <MockComponent
          originalComponent="LangSwitcher"
        />
      </default>
    </header>
  </styled.header>
</HeaderComponent>
`;
